
> sos-focinho-carente@1.0.0 dev
> vite

Port 3000 is in use, trying another one...

  [32m[1mVITE[22m v6.4.3[39m  [2mready in [0m[1m698[22m[2m[0m ms[22m

  [32m➜[39m  [1mLocal[22m:   [36mhttp://localhost:[1m3001[22m/[39m
[2m  [32m➜[39m  [1mNetwork[22m[2m: use [22m[1m--host[22m[2m to expose[22m
[2m[32m  ➜[39m[22m[2m  press [22m[1mh + enter[22m[2m to show help[22m
[2m10:12:57[22m [36m[1m[vite][22m[39m [90m[2m(client)[22m[39m [32mhmr update [39m[2m/src/styles/globals.css[22m
[2m10:13:10[22m [36m[1m[vite][22m[39m [90m[2m(client)[22m[39m [32mhmr update [39m[2m/src/styles/globals.css[22m
[2m10:13:15[22m [36m[1m[vite][22m[39m [90m[2m(client)[22m[39m [32mhmr update [39m[2m/src/styles/globals.css[22m
[2m10:13:20[22m [36m[1m[vite][22m[39m [90m[2m(client)[22m[39m [32mhmr update [39m[2m/src/styles/globals.css[22m
[2m10:13:23[22m [36m[1m[vite][22m[39m [90m[2m(client)[22m[39m [32mhmr update [39m[2m/src/styles/globals.css[22m
[2m10:13:27[22m [36m[1m[vite][22m[39m [90m[2m(client)[22m[39m [32mhmr update [39m[2m/src/styles/globals.css[22m
[2m10:13:48[22m [36m[1m[vite][22m[39m [90m[2m(client)[22m[39m [32mhmr update [39m[2m/src/styles/globals.css[22m
[2m10:13:52[22m [36m[1m[vite][22m[39m [90m[2m(client)[22m[39m [32mhmr update [39m[2m/src/styles/globals.css[22m
[2m10:14:03[22m [36m[1m[vite][22m[39m [90m[2m(client)[22m[39m [32mhmr update [39m[2m/src/pages/public/HomePage.tsx[22m
[2m10:14:39[22m [36m[1m[vite][22m[39m [90m[2m(client)[22m[39m [32mhmr update [39m[2m/src/styles/globals.css[22m
[2m10:14:49[22m [36m[1m[vite][22m[39m [90m[2m(client)[22m[39m [32mhmr update [39m[2m/src/styles/globals.css[22m
[2m10:15:01[22m [36m[1m[vite][22m[39m [90m[2m(client)[22m[39m [32mhmr update [39m[2m/src/components/media/ResponsivePicture.tsx[22m
[2m10:15:06[22m [36m[1m[vite][22m[39m [90m[2m(client)[22m[39m [32mhmr update [39m[2m/src/components/media/ResponsivePicture.tsx[22m
[2m10:15:17[22m [36m[1m[vite][22m[39m [90m[2m(client)[22m[39m [32mhmr update [39m[2m/src/pages/errors/NotFoundPage.tsx[22m
[2m10:15:22[22m [36m[1m[vite][22m[39m [90m[2m(client)[22m[39m [32mhmr update [39m[2m/src/styles/globals.css[22m
[2m10:16:04[22m [36m[1m[vite][22m[39m [90m[2m(client)[22m[39m [32mhmr update [39m[2m/src/pages/public/AdoptionPage.tsx[22m
[2m10:16:08[22m [36m[1m[vite][22m[39m [90m[2m(client)[22m[39m [32mhmr update [39m[2m/src/pages/public/AdoptionPage.tsx[22m
[2m10:16:15[22m [36m[1m[vite][22m[39m [90m[2m(client)[22m[39m [32mhmr update [39m[2m/src/pages/public/AdoptionProcessPage.tsx[22m
[2m10:16:20[22m [36m[1m[vite][22m[39m [90m[2m(client)[22m[39m [32mhmr update [39m[2m/src/pages/public/AdoptionProcessPage.tsx[22m
[2m10:16:26[22m [36m[1m[vite][22m[39m [90m[2m(client)[22m[39m [32mhmr update [39m[2m/src/pages/public/HowToHelpPage.tsx[22m
[2m10:16:31[22m [36m[1m[vite][22m[39m [90m[2m(client)[22m[39m [32mhmr update [39m[2m/src/pages/public/HowToHelpPage.tsx[22m
[2m10:16:39[22m [36m[1m[vite][22m[39m [90m[2m(client)[22m[39m [32mhmr update [39m[2m/src/pages/public/VolunteeringPage.tsx[22m
[2m10:16:43[22m [36m[1m[vite][22m[39m [90m[2m(client)[22m[39m [32mhmr update [39m[2m/src/pages/public/VolunteeringPage.tsx[22m
[2m10:17:13[22m [36m[1m[vite][22m[39m [90m[2m(client)[22m[39m [32mhmr update [39m[2m/src/pages/public/HowToHelpPage.tsx[22m
[2m10:17:16[22m [36m[1m[vite][22m[39m [90m[2m(client)[22m[39m [32mhmr update [39m[2m/src/pages/public/HowToHelpPage.tsx[22m
[2m10:17:20[22m [36m[1m[vite][22m[39m [90m[2m(client)[22m[39m [32mhmr update [39m[2m/src/pages/public/VolunteeringPage.tsx[22m
[2m10:17:23[22m [36m[1m[vite][22m[39m [90m[2m(client)[22m[39m [32mhmr update [39m[2m/src/pages/public/AboutPage.tsx[22m
[2m10:17:28[22m [36m[1m[vite][22m[39m [90m[2m(client)[22m[39m [32mhmr update [39m[2m/src/pages/public/AboutPage.tsx[22m
[2m10:17:42[22m [36m[1m[vite][22m[39m [90m[2m(client)[22m[39m [32mhmr update [39m[2m/src/pages/public/EventsPage.tsx[22m
[2m10:17:48[22m [36m[1m[vite][22m[39m [90m[2m(client)[22m[39m [32mhmr update [39m[2m/src/pages/public/EventsPage.tsx[22m
[2m10:17:51[22m [36m[1m[vite][22m[39m [90m[2m(client)[22m[39m [32mhmr update [39m[2m/src/pages/public/NewsPage.tsx[22m
[2m10:17:56[22m [36m[1m[vite][22m[39m [90m[2m(client)[22m[39m [32mhmr update [39m[2m/src/pages/public/NewsPage.tsx[22m
[2m10:18:00[22m [36m[1m[vite][22m[39m [90m[2m(client)[22m[39m [32mhmr update [39m[2m/src/pages/public/ProductsPage.tsx[22m
[2m10:18:04[22m [36m[1m[vite][22m[39m [90m[2m(client)[22m[39m [32mhmr update [39m[2m/src/pages/public/ProductsPage.tsx[22m
[2m10:18:08[22m [36m[1m[vite][22m[39m [90m[2m(client)[22m[39m [32mhmr update [39m[2m/src/pages/public/GalleryPage.tsx[22m
[2m10:18:13[22m [36m[1m[vite][22m[39m [90m[2m(client)[22m[39m [32mhmr update [39m[2m/src/pages/public/GalleryPage.tsx[22m
[2m10:18:23[22m [36m[1m[vite][22m[39m [90m[2m(client)[22m[39m [32mhmr update [39m[2m/src/pages/public/ContactPage.tsx[22m
[2m10:18:27[22m [36m[1m[vite][22m[39m [90m[2m(client)[22m[39m [32mhmr update [39m[2m/src/pages/public/ContactPage.tsx[22m
[2m10:19:12[22m [36m[1m[vite][22m[39m [90m[2m(client)[22m[39m [32mhmr update [39m[2m/src/pages/public/HomePage.tsx[22m
[2m10:19:16[22m [36m[1m[vite][22m[39m [90m[2m(client)[22m[39m [32mhmr update [39m[2m/src/pages/public/HomePage.tsx[22m
[2m10:19:21[22m [36m[1m[vite][22m[39m [90m[2m(client)[22m[39m [32mhmr update [39m[2m/src/pages/public/HomePage.tsx[22m
[2m10:19:27[22m [36m[1m[vite][22m[39m [90m[2m(client)[22m[39m [32mhmr update [39m[2m/src/pages/public/HomePage.tsx[22m
[2m10:20:03[22m [36m[1m[vite][22m[39m [90m[2m(client)[22m[39m [32mhmr update [39m[2m/src/pages/public/AdoptionProcessPage.tsx[22m
[2m10:20:07[22m [36m[1m[vite][22m[39m [90m[2m(client)[22m[39m [32mhmr update [39m[2m/src/pages/public/ContactPage.tsx[22m
[2m10:20:11[22m [36m[1m[vite][22m[39m [90m[2m(client)[22m[39m [32mhmr update [39m[2m/src/pages/public/VolunteeringPage.tsx[22m
[2m10:21:13[22m [36m[1m[vite][22m[39m [90m[2m(client)[22m[39m [32mhmr update [39m[2m/src/styles/globals.css[22m
[2m10:21:17[22m [36m[1m[vite][22m[39m [90m[2m(client)[22m[39m [32mhmr update [39m[2m/src/styles/globals.css[22m
[2m10:21:29[22m [36m[1m[vite][22m[39m [90m[2m(client)[22m[39m [32mhmr update [39m[2m/src/styles/globals.css[22m
[2m10:22:01[22m [36m[1m[vite][22m[39m [90m[2m(client)[22m[39m [32mhmr update [39m[2m/src/styles/globals.css[22m
[2m10:22:05[22m [36m[1m[vite][22m[39m [90m[2m(client)[22m[39m [32mhmr update [39m[2m/src/styles/globals.css[22m
[2m10:22:09[22m [36m[1m[vite][22m[39m [90m[2m(client)[22m[39m [32mhmr update [39m[2m/src/styles/globals.css[22m
[2m10:22:13[22m [36m[1m[vite][22m[39m [90m[2m(client)[22m[39m [32mhmr update [39m[2m/src/styles/globals.css[22m
[2m10:22:53[22m [36m[1m[vite][22m[39m [90m[2m(client)[22m[39m [32mhmr update [39m[2m/src/styles/globals.css[22m
node:internal/fs/watchers:321
    const error = new UVException({
                  ^

Error: EBUSY: resource busy or locked, watch 'C:\Users\alunobcc08\Desktop\Projects\public\images\demo\animals\cat-close.jpg'
    at FSWatcher.<computed> (node:internal/fs/watchers:321:19)
    at Object.watch (node:fs:2548:36)
    at createFsWatchInstance (file:///C:/Users/alunobcc08/Desktop/Projects/node_modules/vite/dist/node/chunks/dep-Dm0c1Wj2.js:22195:17)
    at setFsWatchListener (file:///C:/Users/alunobcc08/Desktop/Projects/node_modules/vite/dist/node/chunks/dep-Dm0c1Wj2.js:22242:15)
    at NodeFsHandler._watchWithNodeFs (file:///C:/Users/alunobcc08/Desktop/Projects/node_modules/vite/dist/node/chunks/dep-Dm0c1Wj2.js:22397:14)
    at NodeFsHandler._handleFile (file:///C:/Users/alunobcc08/Desktop/Projects/node_modules/vite/dist/node/chunks/dep-Dm0c1Wj2.js:22461:23)
    at NodeFsHandler._addToNodeFs (file:///C:/Users/alunobcc08/Desktop/Projects/node_modules/vite/dist/node/chunks/dep-Dm0c1Wj2.js:22703:21)
Emitted 'error' event on FSWatcher instance at:
    at FSWatcher._handleError (file:///C:/Users/alunobcc08/Desktop/Projects/node_modules/vite/dist/node/chunks/dep-Dm0c1Wj2.js:23896:10)
    at NodeFsHandler._addToNodeFs (file:///C:/Users/alunobcc08/Desktop/Projects/node_modules/vite/dist/node/chunks/dep-Dm0c1Wj2.js:22711:18) {
  errno: -4082,
  syscall: 'watch',
  code: 'EBUSY',
  path: 'C:\\Users\\alunobcc08\\Desktop\\Projects\\public\\images\\demo\\animals\\cat-close.jpg',
  filename: 'C:\\Users\\alunobcc08\\Desktop\\Projects\\public\\images\\demo\\animals\\cat-close.jpg'
}

Node.js v24.18.0
